

================================================================
== Vitis HLS Report for 'fir_wrap_Pipeline_VITIS_LOOP_47_2'
================================================================
* Date:           Wed Jul 12 23:22:02 2023

* Version:        2023.1 (Build 3854077 on May  4 2023)
* Project:        fir_hls_prj
* Solution:       solution1 (Vivado IP Flow Target)
* Product family: zynq
* Target device:  xc7z020-clg484-1


================================================================
== Performance Estimates
================================================================
+ Timing: 
    * Summary: 
    +--------+----------+----------+------------+
    |  Clock |  Target  | Estimated| Uncertainty|
    +--------+----------+----------+------------+
    |ap_clk  |  10.00 ns|  7.300 ns|     2.70 ns|
    +--------+----------+----------+------------+

+ Latency: 
    * Summary: 
    +---------+---------+----------+----------+-----+-----+---------+
    |  Latency (cycles) |  Latency (absolute) |  Interval | Pipeline|
    |   min   |   max   |    min   |    max   | min | max |   Type  |
    +---------+---------+----------+----------+-----+-----+---------+
    |        ?|        ?|         ?|         ?|    ?|    ?|       no|
    +---------+---------+----------+----------+-----+-----+---------+

    + Detail: 
        * Instance: 
        N/A

        * Loop: 
        +-------------------+---------+---------+----------+-----------+-----------+------+----------+
        |                   |  Latency (cycles) | Iteration|  Initiation Interval  | Trip |          |
        |     Loop Name     |   min   |   max   |  Latency |  achieved |   target  | Count| Pipelined|
        +-------------------+---------+---------+----------+-----------+-----------+------+----------+
        |- VITIS_LOOP_47_2  |        ?|        ?|        10|          1|          1|     ?|       yes|
        +-------------------+---------+---------+----------+-----------+-----------+------+----------+



================================================================
== Utilization Estimates
================================================================
* Summary: 
+-----------------+---------+-----+--------+-------+-----+
|       Name      | BRAM_18K| DSP |   FF   |  LUT  | URAM|
+-----------------+---------+-----+--------+-------+-----+
|DSP              |        -|    -|       -|      -|    -|
|Expression       |        -|    -|       0|   3319|    -|
|FIFO             |        -|    -|       -|      -|    -|
|Instance         |        -|  297|   16335|   4950|    -|
|Memory           |        -|    -|       -|      -|    -|
|Multiplexer      |        -|    -|       -|     54|    -|
|Register         |        -|    -|    8755|     64|    -|
+-----------------+---------+-----+--------+-------+-----+
|Total            |        0|  297|   25090|   8387|    0|
+-----------------+---------+-----+--------+-------+-----+
|Available        |      280|  220|  106400|  53200|    0|
+-----------------+---------+-----+--------+-------+-----+
|Utilization (%)  |        0|  135|      23|     15|    0|
+-----------------+---------+-----+--------+-------+-----+

+ Detail: 
    * Instance: 
    +-------------------------+--------------------+---------+----+-----+----+-----+
    |         Instance        |       Module       | BRAM_18K| DSP|  FF | LUT| URAM|
    +-------------------------+--------------------+---------+----+-----+----+-----+
    |mul_32s_32s_32_2_1_U102  |mul_32s_32s_32_2_1  |        0|   3|  165|  50|    0|
    |mul_32s_32s_32_2_1_U103  |mul_32s_32s_32_2_1  |        0|   3|  165|  50|    0|
    |mul_32s_32s_32_2_1_U104  |mul_32s_32s_32_2_1  |        0|   3|  165|  50|    0|
    |mul_32s_32s_32_2_1_U105  |mul_32s_32s_32_2_1  |        0|   3|  165|  50|    0|
    |mul_32s_32s_32_2_1_U106  |mul_32s_32s_32_2_1  |        0|   3|  165|  50|    0|
    |mul_32s_32s_32_2_1_U107  |mul_32s_32s_32_2_1  |        0|   3|  165|  50|    0|
    |mul_32s_32s_32_2_1_U108  |mul_32s_32s_32_2_1  |        0|   3|  165|  50|    0|
    |mul_32s_32s_32_2_1_U109  |mul_32s_32s_32_2_1  |        0|   3|  165|  50|    0|
    |mul_32s_32s_32_2_1_U110  |mul_32s_32s_32_2_1  |        0|   3|  165|  50|    0|
    |mul_32s_32s_32_2_1_U111  |mul_32s_32s_32_2_1  |        0|   3|  165|  50|    0|
    |mul_32s_32s_32_2_1_U112  |mul_32s_32s_32_2_1  |        0|   3|  165|  50|    0|
    |mul_32s_32s_32_2_1_U113  |mul_32s_32s_32_2_1  |        0|   3|  165|  50|    0|
    |mul_32s_32s_32_2_1_U114  |mul_32s_32s_32_2_1  |        0|   3|  165|  50|    0|
    |mul_32s_32s_32_2_1_U115  |mul_32s_32s_32_2_1  |        0|   3|  165|  50|    0|
    |mul_32s_32s_32_2_1_U116  |mul_32s_32s_32_2_1  |        0|   3|  165|  50|    0|
    |mul_32s_32s_32_2_1_U117  |mul_32s_32s_32_2_1  |        0|   3|  165|  50|    0|
    |mul_32s_32s_32_2_1_U118  |mul_32s_32s_32_2_1  |        0|   3|  165|  50|    0|
    |mul_32s_32s_32_2_1_U119  |mul_32s_32s_32_2_1  |        0|   3|  165|  50|    0|
    |mul_32s_32s_32_2_1_U120  |mul_32s_32s_32_2_1  |        0|   3|  165|  50|    0|
    |mul_32s_32s_32_2_1_U121  |mul_32s_32s_32_2_1  |        0|   3|  165|  50|    0|
    |mul_32s_32s_32_2_1_U122  |mul_32s_32s_32_2_1  |        0|   3|  165|  50|    0|
    |mul_32s_32s_32_2_1_U123  |mul_32s_32s_32_2_1  |        0|   3|  165|  50|    0|
    |mul_32s_32s_32_2_1_U124  |mul_32s_32s_32_2_1  |        0|   3|  165|  50|    0|
    |mul_32s_32s_32_2_1_U125  |mul_32s_32s_32_2_1  |        0|   3|  165|  50|    0|
    |mul_32s_32s_32_2_1_U126  |mul_32s_32s_32_2_1  |        0|   3|  165|  50|    0|
    |mul_32s_32s_32_2_1_U127  |mul_32s_32s_32_2_1  |        0|   3|  165|  50|    0|
    |mul_32s_32s_32_2_1_U128  |mul_32s_32s_32_2_1  |        0|   3|  165|  50|    0|
    |mul_32s_32s_32_2_1_U129  |mul_32s_32s_32_2_1  |        0|   3|  165|  50|    0|
    |mul_32s_32s_32_2_1_U130  |mul_32s_32s_32_2_1  |        0|   3|  165|  50|    0|
    |mul_32s_32s_32_2_1_U131  |mul_32s_32s_32_2_1  |        0|   3|  165|  50|    0|
    |mul_32s_32s_32_2_1_U132  |mul_32s_32s_32_2_1  |        0|   3|  165|  50|    0|
    |mul_32s_32s_32_2_1_U133  |mul_32s_32s_32_2_1  |        0|   3|  165|  50|    0|
    |mul_32s_32s_32_2_1_U134  |mul_32s_32s_32_2_1  |        0|   3|  165|  50|    0|
    |mul_32s_32s_32_2_1_U135  |mul_32s_32s_32_2_1  |        0|   3|  165|  50|    0|
    |mul_32s_32s_32_2_1_U136  |mul_32s_32s_32_2_1  |        0|   3|  165|  50|    0|
    |mul_32s_32s_32_2_1_U137  |mul_32s_32s_32_2_1  |        0|   3|  165|  50|    0|
    |mul_32s_32s_32_2_1_U138  |mul_32s_32s_32_2_1  |        0|   3|  165|  50|    0|
    |mul_32s_32s_32_2_1_U139  |mul_32s_32s_32_2_1  |        0|   3|  165|  50|    0|
    |mul_32s_32s_32_2_1_U140  |mul_32s_32s_32_2_1  |        0|   3|  165|  50|    0|
    |mul_32s_32s_32_2_1_U141  |mul_32s_32s_32_2_1  |        0|   3|  165|  50|    0|
    |mul_32s_32s_32_2_1_U142  |mul_32s_32s_32_2_1  |        0|   3|  165|  50|    0|
    |mul_32s_32s_32_2_1_U143  |mul_32s_32s_32_2_1  |        0|   3|  165|  50|    0|
    |mul_32s_32s_32_2_1_U144  |mul_32s_32s_32_2_1  |        0|   3|  165|  50|    0|
    |mul_32s_32s_32_2_1_U145  |mul_32s_32s_32_2_1  |        0|   3|  165|  50|    0|
    |mul_32s_32s_32_2_1_U146  |mul_32s_32s_32_2_1  |        0|   3|  165|  50|    0|
    |mul_32s_32s_32_2_1_U147  |mul_32s_32s_32_2_1  |        0|   3|  165|  50|    0|
    |mul_32s_32s_32_2_1_U148  |mul_32s_32s_32_2_1  |        0|   3|  165|  50|    0|
    |mul_32s_32s_32_2_1_U149  |mul_32s_32s_32_2_1  |        0|   3|  165|  50|    0|
    |mul_32s_32s_32_2_1_U150  |mul_32s_32s_32_2_1  |        0|   3|  165|  50|    0|
    |mul_32s_32s_32_2_1_U151  |mul_32s_32s_32_2_1  |        0|   3|  165|  50|    0|
    |mul_32s_32s_32_2_1_U152  |mul_32s_32s_32_2_1  |        0|   3|  165|  50|    0|
    |mul_32s_32s_32_2_1_U153  |mul_32s_32s_32_2_1  |        0|   3|  165|  50|    0|
    |mul_32s_32s_32_2_1_U154  |mul_32s_32s_32_2_1  |        0|   3|  165|  50|    0|
    |mul_32s_32s_32_2_1_U155  |mul_32s_32s_32_2_1  |        0|   3|  165|  50|    0|
    |mul_32s_32s_32_2_1_U156  |mul_32s_32s_32_2_1  |        0|   3|  165|  50|    0|
    |mul_32s_32s_32_2_1_U157  |mul_32s_32s_32_2_1  |        0|   3|  165|  50|    0|
    |mul_32s_32s_32_2_1_U158  |mul_32s_32s_32_2_1  |        0|   3|  165|  50|    0|
    |mul_32s_32s_32_2_1_U159  |mul_32s_32s_32_2_1  |        0|   3|  165|  50|    0|
    |mul_32s_32s_32_2_1_U160  |mul_32s_32s_32_2_1  |        0|   3|  165|  50|    0|
    |mul_32s_32s_32_2_1_U161  |mul_32s_32s_32_2_1  |        0|   3|  165|  50|    0|
    |mul_32s_32s_32_2_1_U162  |mul_32s_32s_32_2_1  |        0|   3|  165|  50|    0|
    |mul_32s_32s_32_2_1_U163  |mul_32s_32s_32_2_1  |        0|   3|  165|  50|    0|
    |mul_32s_32s_32_2_1_U164  |mul_32s_32s_32_2_1  |        0|   3|  165|  50|    0|
    |mul_32s_32s_32_2_1_U165  |mul_32s_32s_32_2_1  |        0|   3|  165|  50|    0|
    |mul_32s_32s_32_2_1_U166  |mul_32s_32s_32_2_1  |        0|   3|  165|  50|    0|
    |mul_32s_32s_32_2_1_U167  |mul_32s_32s_32_2_1  |        0|   3|  165|  50|    0|
    |mul_32s_32s_32_2_1_U168  |mul_32s_32s_32_2_1  |        0|   3|  165|  50|    0|
    |mul_32s_32s_32_2_1_U169  |mul_32s_32s_32_2_1  |        0|   3|  165|  50|    0|
    |mul_32s_32s_32_2_1_U170  |mul_32s_32s_32_2_1  |        0|   3|  165|  50|    0|
    |mul_32s_32s_32_2_1_U171  |mul_32s_32s_32_2_1  |        0|   3|  165|  50|    0|
    |mul_32s_32s_32_2_1_U172  |mul_32s_32s_32_2_1  |        0|   3|  165|  50|    0|
    |mul_32s_32s_32_2_1_U173  |mul_32s_32s_32_2_1  |        0|   3|  165|  50|    0|
    |mul_32s_32s_32_2_1_U174  |mul_32s_32s_32_2_1  |        0|   3|  165|  50|    0|
    |mul_32s_32s_32_2_1_U175  |mul_32s_32s_32_2_1  |        0|   3|  165|  50|    0|
    |mul_32s_32s_32_2_1_U176  |mul_32s_32s_32_2_1  |        0|   3|  165|  50|    0|
    |mul_32s_32s_32_2_1_U177  |mul_32s_32s_32_2_1  |        0|   3|  165|  50|    0|
    |mul_32s_32s_32_2_1_U178  |mul_32s_32s_32_2_1  |        0|   3|  165|  50|    0|
    |mul_32s_32s_32_2_1_U179  |mul_32s_32s_32_2_1  |        0|   3|  165|  50|    0|
    |mul_32s_32s_32_2_1_U180  |mul_32s_32s_32_2_1  |        0|   3|  165|  50|    0|
    |mul_32s_32s_32_2_1_U181  |mul_32s_32s_32_2_1  |        0|   3|  165|  50|    0|
    |mul_32s_32s_32_2_1_U182  |mul_32s_32s_32_2_1  |        0|   3|  165|  50|    0|
    |mul_32s_32s_32_2_1_U183  |mul_32s_32s_32_2_1  |        0|   3|  165|  50|    0|
    |mul_32s_32s_32_2_1_U184  |mul_32s_32s_32_2_1  |        0|   3|  165|  50|    0|
    |mul_32s_32s_32_2_1_U185  |mul_32s_32s_32_2_1  |        0|   3|  165|  50|    0|
    |mul_32s_32s_32_2_1_U186  |mul_32s_32s_32_2_1  |        0|   3|  165|  50|    0|
    |mul_32s_32s_32_2_1_U187  |mul_32s_32s_32_2_1  |        0|   3|  165|  50|    0|
    |mul_32s_32s_32_2_1_U188  |mul_32s_32s_32_2_1  |        0|   3|  165|  50|    0|
    |mul_32s_32s_32_2_1_U189  |mul_32s_32s_32_2_1  |        0|   3|  165|  50|    0|
    |mul_32s_32s_32_2_1_U190  |mul_32s_32s_32_2_1  |        0|   3|  165|  50|    0|
    |mul_32s_32s_32_2_1_U191  |mul_32s_32s_32_2_1  |        0|   3|  165|  50|    0|
    |mul_32s_32s_32_2_1_U192  |mul_32s_32s_32_2_1  |        0|   3|  165|  50|    0|
    |mul_32s_32s_32_2_1_U193  |mul_32s_32s_32_2_1  |        0|   3|  165|  50|    0|
    |mul_32s_32s_32_2_1_U194  |mul_32s_32s_32_2_1  |        0|   3|  165|  50|    0|
    |mul_32s_32s_32_2_1_U195  |mul_32s_32s_32_2_1  |        0|   3|  165|  50|    0|
    |mul_32s_32s_32_2_1_U196  |mul_32s_32s_32_2_1  |        0|   3|  165|  50|    0|
    |mul_32s_32s_32_2_1_U197  |mul_32s_32s_32_2_1  |        0|   3|  165|  50|    0|
    |mul_32s_32s_32_2_1_U198  |mul_32s_32s_32_2_1  |        0|   3|  165|  50|    0|
    |mul_32s_32s_32_2_1_U199  |mul_32s_32s_32_2_1  |        0|   3|  165|  50|    0|
    |mul_32s_32s_32_2_1_U200  |mul_32s_32s_32_2_1  |        0|   3|  165|  50|    0|
    +-------------------------+--------------------+---------+----+-----+----+-----+
    |Total                    |                    |        0| 297|16335|4950|    0|
    +-------------------------+--------------------+---------+----+-----+----+-----+

    * DSP: 
    N/A

    * Memory: 
    N/A

    * FIFO: 
    N/A

    * Expression: 
    +----------------------------------+----------+----+---+----+------------+------------+
    |           Variable Name          | Operation| DSP| FF| LUT| Bitwidth P0| Bitwidth P1|
    +----------------------------------+----------+----+---+----+------------+------------+
    |acc_fu_2924_p2                    |         +|   0|  0|  32|          32|          32|
    |add_ln19_10_fu_2888_p2            |         +|   0|  0|  32|          32|          32|
    |add_ln19_11_fu_2721_p2            |         +|   0|  0|  32|          32|          32|
    |add_ln19_12_fu_2725_p2            |         +|   0|  0|  32|          32|          32|
    |add_ln19_13_fu_2730_p2            |         +|   0|  0|  32|          32|          32|
    |add_ln19_14_fu_2734_p2            |         +|   0|  0|  32|          32|          32|
    |add_ln19_15_fu_2843_p2            |         +|   0|  0|  32|          32|          32|
    |add_ln19_16_fu_2739_p2            |         +|   0|  0|  39|          32|          32|
    |add_ln19_17_fu_2743_p2            |         +|   0|  0|  32|          32|          32|
    |add_ln19_18_fu_2499_p2            |         +|   0|  0|  32|          32|          32|
    |add_ln19_19_fu_2503_p2            |         +|   0|  0|  32|          32|          32|
    |add_ln19_1_fu_2825_p2             |         +|   0|  0|  32|          32|          32|
    |add_ln19_20_fu_2748_p2            |         +|   0|  0|  32|          32|          32|
    |add_ln19_21_fu_2847_p2            |         +|   0|  0|  32|          32|          32|
    |add_ln19_22_fu_2892_p2            |         +|   0|  0|  32|          32|          32|
    |add_ln19_23_fu_2508_p2            |         +|   0|  0|  39|          32|          32|
    |add_ln19_24_fu_2753_p2            |         +|   0|  0|  32|          32|          32|
    |add_ln19_25_fu_2512_p2            |         +|   0|  0|  32|          32|          32|
    |add_ln19_26_fu_2516_p2            |         +|   0|  0|  32|          32|          32|
    |add_ln19_27_fu_2757_p2            |         +|   0|  0|  32|          32|          32|
    |add_ln19_28_fu_2521_p2            |         +|   0|  0|  39|          32|          32|
    |add_ln19_29_fu_2762_p2            |         +|   0|  0|  32|          32|          32|
    |add_ln19_2_fu_2699_p2             |         +|   0|  0|  32|          32|          32|
    |add_ln19_30_fu_2525_p2            |         +|   0|  0|  32|          32|          32|
    |add_ln19_31_fu_2529_p2            |         +|   0|  0|  32|          32|          32|
    |add_ln19_32_fu_2766_p2            |         +|   0|  0|  32|          32|          32|
    |add_ln19_33_fu_2897_p2            |         +|   0|  0|  32|          32|          32|
    |add_ln19_34_fu_2534_p2            |         +|   0|  0|  32|          32|          32|
    |add_ln19_35_fu_2538_p2            |         +|   0|  0|  32|          32|          32|
    |add_ln19_36_fu_2543_p2            |         +|   0|  0|  32|          32|          32|
    |add_ln19_37_fu_2547_p2            |         +|   0|  0|  32|          32|          32|
    |add_ln19_38_fu_2852_p2            |         +|   0|  0|  32|          32|          32|
    |add_ln19_39_fu_2552_p2            |         +|   0|  0|  39|          32|          32|
    |add_ln19_3_fu_2703_p2             |         +|   0|  0|  32|          32|          32|
    |add_ln19_40_fu_2771_p2            |         +|   0|  0|  32|          32|          32|
    |add_ln19_41_fu_2556_p2            |         +|   0|  0|  32|          32|          32|
    |add_ln19_42_fu_2560_p2            |         +|   0|  0|  39|          32|          32|
    |add_ln19_43_fu_2564_p2            |         +|   0|  0|  32|          32|          32|
    |add_ln19_44_fu_2775_p2            |         +|   0|  0|  32|          32|          32|
    |add_ln19_45_fu_2856_p2            |         +|   0|  0|  32|          32|          32|
    |add_ln19_46_fu_2901_p2            |         +|   0|  0|  32|          32|          32|
    |add_ln19_47_fu_2920_p2            |         +|   0|  0|  32|          32|          32|
    |add_ln19_48_fu_2570_p2            |         +|   0|  0|  32|          32|          32|
    |add_ln19_49_fu_2574_p2            |         +|   0|  0|  32|          32|          32|
    |add_ln19_4_fu_2829_p2             |         +|   0|  0|  32|          32|          32|
    |add_ln19_50_fu_2579_p2            |         +|   0|  0|  32|          32|          32|
    |add_ln19_51_fu_2583_p2            |         +|   0|  0|  32|          32|          32|
    |add_ln19_52_fu_2861_p2            |         +|   0|  0|  32|          32|          32|
    |add_ln19_53_fu_2588_p2            |         +|   0|  0|  39|          32|          32|
    |add_ln19_54_fu_2780_p2            |         +|   0|  0|  32|          32|          32|
    |add_ln19_55_fu_2592_p2            |         +|   0|  0|  32|          32|          32|
    |add_ln19_56_fu_2596_p2            |         +|   0|  0|  32|          32|          32|
    |add_ln19_57_fu_2784_p2            |         +|   0|  0|  32|          32|          32|
    |add_ln19_58_fu_2865_p2            |         +|   0|  0|  32|          32|          32|
    |add_ln19_59_fu_2601_p2            |         +|   0|  0|  32|          32|          32|
    |add_ln19_5_fu_2708_p2             |         +|   0|  0|  39|          32|          32|
    |add_ln19_60_fu_2605_p2            |         +|   0|  0|  32|          32|          32|
    |add_ln19_61_fu_2610_p2            |         +|   0|  0|  32|          32|          32|
    |add_ln19_62_fu_2614_p2            |         +|   0|  0|  32|          32|          32|
    |add_ln19_63_fu_2870_p2            |         +|   0|  0|  32|          32|          32|
    |add_ln19_64_fu_2619_p2            |         +|   0|  0|  39|          32|          32|
    |add_ln19_65_fu_2789_p2            |         +|   0|  0|  32|          32|          32|
    |add_ln19_66_fu_2623_p2            |         +|   0|  0|  32|          32|          32|
    |add_ln19_67_fu_2627_p2            |         +|   0|  0|  39|          32|          32|
    |add_ln19_68_fu_2631_p2            |         +|   0|  0|  32|          32|          32|
    |add_ln19_69_fu_2793_p2            |         +|   0|  0|  32|          32|          32|
    |add_ln19_6_fu_2834_p2             |         +|   0|  0|  32|          32|          32|
    |add_ln19_70_fu_2874_p2            |         +|   0|  0|  32|          32|          32|
    |add_ln19_71_fu_2906_p2            |         +|   0|  0|  32|          32|          32|
    |add_ln19_72_fu_2637_p2            |         +|   0|  0|  39|          32|          32|
    |add_ln19_73_fu_2798_p2            |         +|   0|  0|  32|          32|          32|
    |add_ln19_74_fu_2641_p2            |         +|   0|  0|  32|          32|          32|
    |add_ln19_75_fu_2645_p2            |         +|   0|  0|  32|          32|          32|
    |add_ln19_76_fu_2802_p2            |         +|   0|  0|  32|          32|          32|
    |add_ln19_77_fu_2650_p2            |         +|   0|  0|  39|          32|          32|
    |add_ln19_78_fu_2807_p2            |         +|   0|  0|  32|          32|          32|
    |add_ln19_79_fu_2654_p2            |         +|   0|  0|  32|          32|          32|
    |add_ln19_7_fu_2712_p2             |         +|   0|  0|  32|          32|          32|
    |add_ln19_80_fu_2658_p2            |         +|   0|  0|  32|          32|          32|
    |add_ln19_81_fu_2811_p2            |         +|   0|  0|  32|          32|          32|
    |add_ln19_82_fu_2879_p2            |         +|   0|  0|  32|          32|          32|
    |add_ln19_83_fu_2663_p2            |         +|   0|  0|  32|          32|          32|
    |add_ln19_84_fu_2667_p2            |         +|   0|  0|  32|          32|          32|
    |add_ln19_85_fu_2672_p2            |         +|   0|  0|  32|          32|          32|
    |add_ln19_86_fu_2676_p2            |         +|   0|  0|  32|          32|          32|
    |add_ln19_87_fu_2816_p2            |         +|   0|  0|  32|          32|          32|
    |add_ln19_88_fu_2681_p2            |         +|   0|  0|  39|          32|          32|
    |add_ln19_89_fu_2685_p2            |         +|   0|  0|  32|          32|          32|
    |add_ln19_8_fu_2716_p2             |         +|   0|  0|  32|          32|          32|
    |add_ln19_90_fu_2372_p2            |         +|   0|  0|  32|          32|          32|
    |add_ln19_91_fu_2376_p2            |         +|   0|  0|  39|          32|          32|
    |add_ln19_92_fu_2380_p2            |         +|   0|  0|  32|          32|          32|
    |add_ln19_93_fu_2690_p2            |         +|   0|  0|  32|          32|          32|
    |add_ln19_94_fu_2820_p2            |         +|   0|  0|  32|          32|          32|
    |add_ln19_95_fu_2883_p2            |         +|   0|  0|  32|          32|          32|
    |add_ln19_96_fu_2910_p2            |         +|   0|  0|  32|          32|          32|
    |add_ln19_9_fu_2838_p2             |         +|   0|  0|  32|          32|          32|
    |add_ln19_fu_2695_p2               |         +|   0|  0|  39|          32|          32|
    |add_ln47_fu_901_p2                |         +|   0|  0|  38|          31|           1|
    |ap_block_pp0_stage0_01001         |       and|   0|  0|   2|           1|           1|
    |ap_block_state2_pp0_stage0_iter1  |       and|   0|  0|   2|           1|           1|
    |icmp_ln47_fu_895_p2               |      icmp|   0|  0|  39|          32|          32|
    |ap_block_pp0_stage0_11001         |        or|   0|  0|   2|           1|           1|
    |ap_enable_pp0                     |       xor|   0|  0|   2|           1|           2|
    +----------------------------------+----------+----+---+----+------------+------------+
    |Total                             |          |   0|  0|3319|        3203|        3174|
    +----------------------------------+----------+----+---+----+------------+------------+

    * Multiplexer: 
    +---------------------------+----+-----------+-----+-----------+
    |            Name           | LUT| Input Size| Bits| Total Bits|
    +---------------------------+----+-----------+-----+-----------+
    |ap_done_int                |   9|          2|    1|          2|
    |ap_enable_reg_pp0_iter9    |   9|          2|    1|          2|
    |ap_sig_allocacmp_i_1_load  |   9|          2|   31|         62|
    |gmem_blk_n_R               |   9|          2|    1|          2|
    |gmem_blk_n_W               |   9|          2|    1|          2|
    |i_1_fu_444                 |   9|          2|   31|         62|
    +---------------------------+----+-----------+-----+-----------+
    |Total                      |  54|         12|   66|        132|
    +---------------------------+----+-----------+-----+-----------+

    * Register: 
    +-----------------------------------------+----+----+-----+-----------+
    |                   Name                  | FF | LUT| Bits| Const Bits|
    +-----------------------------------------+----+----+-----+-----------+
    |acc_reg_4692                             |  32|   0|   32|          0|
    |add_ln19_12_reg_4582                     |  32|   0|   32|          0|
    |add_ln19_14_reg_4587                     |  32|   0|   32|          0|
    |add_ln19_19_reg_4442                     |  32|   0|   32|          0|
    |add_ln19_20_reg_4592                     |  32|   0|   32|          0|
    |add_ln19_21_reg_4647                     |  32|   0|   32|          0|
    |add_ln19_22_reg_4672                     |  32|   0|   32|          0|
    |add_ln19_23_reg_4447                     |  32|   0|   32|          0|
    |add_ln19_26_reg_4452                     |  32|   0|   32|          0|
    |add_ln19_27_reg_4597                     |  32|   0|   32|          0|
    |add_ln19_27_reg_4597_pp0_iter6_reg       |  32|   0|   32|          0|
    |add_ln19_28_reg_4457                     |  32|   0|   32|          0|
    |add_ln19_31_reg_4462                     |  32|   0|   32|          0|
    |add_ln19_32_reg_4602                     |  32|   0|   32|          0|
    |add_ln19_32_reg_4602_pp0_iter6_reg       |  32|   0|   32|          0|
    |add_ln19_35_reg_4467                     |  32|   0|   32|          0|
    |add_ln19_35_reg_4467_pp0_iter5_reg       |  32|   0|   32|          0|
    |add_ln19_37_reg_4472                     |  32|   0|   32|          0|
    |add_ln19_37_reg_4472_pp0_iter5_reg       |  32|   0|   32|          0|
    |add_ln19_39_reg_4477                     |  32|   0|   32|          0|
    |add_ln19_3_reg_4567                      |  32|   0|   32|          0|
    |add_ln19_43_reg_4482                     |  32|   0|   32|          0|
    |add_ln19_44_reg_4607                     |  32|   0|   32|          0|
    |add_ln19_45_reg_4652                     |  32|   0|   32|          0|
    |add_ln19_46_reg_4677                     |  32|   0|   32|          0|
    |add_ln19_49_reg_4487                     |  32|   0|   32|          0|
    |add_ln19_49_reg_4487_pp0_iter5_reg       |  32|   0|   32|          0|
    |add_ln19_4_reg_4637                      |  32|   0|   32|          0|
    |add_ln19_51_reg_4492                     |  32|   0|   32|          0|
    |add_ln19_51_reg_4492_pp0_iter5_reg       |  32|   0|   32|          0|
    |add_ln19_53_reg_4497                     |  32|   0|   32|          0|
    |add_ln19_56_reg_4502                     |  32|   0|   32|          0|
    |add_ln19_57_reg_4612                     |  32|   0|   32|          0|
    |add_ln19_58_reg_4657                     |  32|   0|   32|          0|
    |add_ln19_5_reg_4572                      |  32|   0|   32|          0|
    |add_ln19_60_reg_4507                     |  32|   0|   32|          0|
    |add_ln19_60_reg_4507_pp0_iter5_reg       |  32|   0|   32|          0|
    |add_ln19_62_reg_4512                     |  32|   0|   32|          0|
    |add_ln19_62_reg_4512_pp0_iter5_reg       |  32|   0|   32|          0|
    |add_ln19_64_reg_4517                     |  32|   0|   32|          0|
    |add_ln19_68_reg_4522                     |  32|   0|   32|          0|
    |add_ln19_69_reg_4617                     |  32|   0|   32|          0|
    |add_ln19_70_reg_4662                     |  32|   0|   32|          0|
    |add_ln19_72_reg_4527                     |  32|   0|   32|          0|
    |add_ln19_75_reg_4532                     |  32|   0|   32|          0|
    |add_ln19_76_reg_4622                     |  32|   0|   32|          0|
    |add_ln19_77_reg_4537                     |  32|   0|   32|          0|
    |add_ln19_80_reg_4542                     |  32|   0|   32|          0|
    |add_ln19_81_reg_4627                     |  32|   0|   32|          0|
    |add_ln19_84_reg_4547                     |  32|   0|   32|          0|
    |add_ln19_86_reg_4552                     |  32|   0|   32|          0|
    |add_ln19_8_reg_4577                      |  32|   0|   32|          0|
    |add_ln19_92_reg_4322                     |  32|   0|   32|          0|
    |add_ln19_93_reg_4557                     |  32|   0|   32|          0|
    |add_ln19_94_reg_4632                     |  32|   0|   32|          0|
    |add_ln19_95_reg_4667                     |  32|   0|   32|          0|
    |add_ln19_96_reg_4682                     |  32|   0|   32|          0|
    |add_ln19_9_reg_4642                      |  32|   0|   32|          0|
    |add_ln19_reg_4562                        |  32|   0|   32|          0|
    |ap_CS_fsm                                |   1|   0|    1|          0|
    |ap_done_reg                              |   1|   0|    1|          0|
    |ap_enable_reg_pp0_iter1                  |   1|   0|    1|          0|
    |ap_enable_reg_pp0_iter2                  |   1|   0|    1|          0|
    |ap_enable_reg_pp0_iter3                  |   1|   0|    1|          0|
    |ap_enable_reg_pp0_iter4                  |   1|   0|    1|          0|
    |ap_enable_reg_pp0_iter5                  |   1|   0|    1|          0|
    |ap_enable_reg_pp0_iter6                  |   1|   0|    1|          0|
    |ap_enable_reg_pp0_iter7                  |   1|   0|    1|          0|
    |ap_enable_reg_pp0_iter8                  |   1|   0|    1|          0|
    |ap_enable_reg_pp0_iter9                  |   1|   0|    1|          0|
    |ap_loop_exit_ready_pp0_iter1_reg         |   1|   0|    1|          0|
    |ap_loop_exit_ready_pp0_iter2_reg         |   1|   0|    1|          0|
    |ap_loop_exit_ready_pp0_iter3_reg         |   1|   0|    1|          0|
    |ap_loop_exit_ready_pp0_iter4_reg         |   1|   0|    1|          0|
    |ap_loop_exit_ready_pp0_iter5_reg         |   1|   0|    1|          0|
    |ap_loop_exit_ready_pp0_iter6_reg         |   1|   0|    1|          0|
    |ap_loop_exit_ready_pp0_iter7_reg         |   1|   0|    1|          0|
    |ap_loop_exit_ready_pp0_iter8_reg         |   1|   0|    1|          0|
    |fir_int_int_shift_reg                    |  32|   0|   32|          0|
    |fir_int_int_shift_reg_1                  |  32|   0|   32|          0|
    |fir_int_int_shift_reg_2                  |  32|   0|   32|          0|
    |fir_int_int_shift_reg_29_reg_3382        |  32|   0|   32|          0|
    |fir_int_int_shift_reg_3                  |  32|   0|   32|          0|
    |fir_int_int_shift_reg_4                  |  32|   0|   32|          0|
    |fir_int_int_shift_reg_4_load_reg_2975    |  32|   0|   32|          0|
    |fir_int_int_shift_reg_5                  |  32|   0|   32|          0|
    |fir_int_int_shift_reg_6                  |  32|   0|   32|          0|
    |fir_int_int_shift_reg_7                  |  32|   0|   32|          0|
    |fir_int_int_shift_reg_8                  |  32|   0|   32|          0|
    |fir_int_int_shift_reg_9                  |  32|   0|   32|          0|
    |gmem_addr_1_read_reg_2950                |  32|   0|   32|          0|
    |i_1_fu_444                               |  31|   0|   31|          0|
    |icmp_ln47_reg_2946                       |   1|   0|    1|          0|
    |mul_ln19_10_reg_4002                     |  32|   0|   32|          0|
    |mul_ln19_11_reg_4332                     |  32|   0|   32|          0|
    |mul_ln19_12_reg_4007                     |  32|   0|   32|          0|
    |mul_ln19_13_reg_4012                     |  32|   0|   32|          0|
    |mul_ln19_14_reg_4017                     |  32|   0|   32|          0|
    |mul_ln19_15_reg_4022                     |  32|   0|   32|          0|
    |mul_ln19_16_reg_4027                     |  32|   0|   32|          0|
    |mul_ln19_16_reg_4027_pp0_iter4_reg       |  32|   0|   32|          0|
    |mul_ln19_17_reg_4032                     |  32|   0|   32|          0|
    |mul_ln19_18_reg_4337                     |  32|   0|   32|          0|
    |mul_ln19_19_reg_4037                     |  32|   0|   32|          0|
    |mul_ln19_1_reg_3967                      |  32|   0|   32|          0|
    |mul_ln19_20_reg_4042                     |  32|   0|   32|          0|
    |mul_ln19_21_reg_4047                     |  32|   0|   32|          0|
    |mul_ln19_22_reg_4052                     |  32|   0|   32|          0|
    |mul_ln19_23_reg_4057                     |  32|   0|   32|          0|
    |mul_ln19_23_reg_4057_pp0_iter4_reg       |  32|   0|   32|          0|
    |mul_ln19_24_reg_4062                     |  32|   0|   32|          0|
    |mul_ln19_25_reg_4067                     |  32|   0|   32|          0|
    |mul_ln19_26_reg_4072                     |  32|   0|   32|          0|
    |mul_ln19_27_reg_4077                     |  32|   0|   32|          0|
    |mul_ln19_28_reg_4082                     |  32|   0|   32|          0|
    |mul_ln19_29_reg_4087                     |  32|   0|   32|          0|
    |mul_ln19_2_reg_3972                      |  32|   0|   32|          0|
    |mul_ln19_30_reg_4092                     |  32|   0|   32|          0|
    |mul_ln19_31_reg_4342                     |  32|   0|   32|          0|
    |mul_ln19_32_reg_4097                     |  32|   0|   32|          0|
    |mul_ln19_33_reg_4102                     |  32|   0|   32|          0|
    |mul_ln19_34_reg_4347                     |  32|   0|   32|          0|
    |mul_ln19_35_reg_4107                     |  32|   0|   32|          0|
    |mul_ln19_36_reg_3737                     |  32|   0|   32|          0|
    |mul_ln19_37_reg_4352                     |  32|   0|   32|          0|
    |mul_ln19_38_reg_3742                     |  32|   0|   32|          0|
    |mul_ln19_39_reg_4112                     |  32|   0|   32|          0|
    |mul_ln19_3_reg_4327                      |  32|   0|   32|          0|
    |mul_ln19_40_reg_4117                     |  32|   0|   32|          0|
    |mul_ln19_41_reg_4357                     |  32|   0|   32|          0|
    |mul_ln19_42_reg_4122                     |  32|   0|   32|          0|
    |mul_ln19_43_reg_4362                     |  32|   0|   32|          0|
    |mul_ln19_43_reg_4362_pp0_iter5_reg       |  32|   0|   32|          0|
    |mul_ln19_44_reg_4127                     |  32|   0|   32|          0|
    |mul_ln19_44_reg_4127_pp0_iter4_reg       |  32|   0|   32|          0|
    |mul_ln19_45_reg_4367                     |  32|   0|   32|          0|
    |mul_ln19_46_reg_4132                     |  32|   0|   32|          0|
    |mul_ln19_47_reg_4137                     |  32|   0|   32|          0|
    |mul_ln19_48_reg_4142                     |  32|   0|   32|          0|
    |mul_ln19_49_reg_4372                     |  32|   0|   32|          0|
    |mul_ln19_4_reg_3977                      |  32|   0|   32|          0|
    |mul_ln19_50_reg_4377                     |  32|   0|   32|          0|
    |mul_ln19_51_reg_4147                     |  32|   0|   32|          0|
    |mul_ln19_52_reg_4152                     |  32|   0|   32|          0|
    |mul_ln19_53_reg_4157                     |  32|   0|   32|          0|
    |mul_ln19_54_reg_4162                     |  32|   0|   32|          0|
    |mul_ln19_55_reg_4167                     |  32|   0|   32|          0|
    |mul_ln19_56_reg_4382                     |  32|   0|   32|          0|
    |mul_ln19_57_reg_4387                     |  32|   0|   32|          0|
    |mul_ln19_58_reg_4172                     |  32|   0|   32|          0|
    |mul_ln19_59_reg_4177                     |  32|   0|   32|          0|
    |mul_ln19_5_reg_3982                      |  32|   0|   32|          0|
    |mul_ln19_60_reg_4182                     |  32|   0|   32|          0|
    |mul_ln19_61_reg_4187                     |  32|   0|   32|          0|
    |mul_ln19_62_reg_4392                     |  32|   0|   32|          0|
    |mul_ln19_63_reg_4192                     |  32|   0|   32|          0|
    |mul_ln19_64_reg_4197                     |  32|   0|   32|          0|
    |mul_ln19_65_reg_4202                     |  32|   0|   32|          0|
    |mul_ln19_66_reg_4397                     |  32|   0|   32|          0|
    |mul_ln19_67_reg_4402                     |  32|   0|   32|          0|
    |mul_ln19_68_reg_4407                     |  32|   0|   32|          0|
    |mul_ln19_69_reg_4412                     |  32|   0|   32|          0|
    |mul_ln19_6_reg_3732                      |  32|   0|   32|          0|
    |mul_ln19_70_reg_4207                     |  32|   0|   32|          0|
    |mul_ln19_71_reg_4212                     |  32|   0|   32|          0|
    |mul_ln19_72_reg_3747                     |  32|   0|   32|          0|
    |mul_ln19_73_reg_4217                     |  32|   0|   32|          0|
    |mul_ln19_74_reg_4222                     |  32|   0|   32|          0|
    |mul_ln19_75_reg_4227                     |  32|   0|   32|          0|
    |mul_ln19_76_reg_4232                     |  32|   0|   32|          0|
    |mul_ln19_77_reg_4237                     |  32|   0|   32|          0|
    |mul_ln19_78_reg_4417                     |  32|   0|   32|          0|
    |mul_ln19_78_reg_4417_pp0_iter5_reg       |  32|   0|   32|          0|
    |mul_ln19_79_reg_4422                     |  32|   0|   32|          0|
    |mul_ln19_7_reg_3987                      |  32|   0|   32|          0|
    |mul_ln19_80_reg_4242                     |  32|   0|   32|          0|
    |mul_ln19_81_reg_4247                     |  32|   0|   32|          0|
    |mul_ln19_82_reg_4252                     |  32|   0|   32|          0|
    |mul_ln19_82_reg_4252_pp0_iter4_reg       |  32|   0|   32|          0|
    |mul_ln19_83_reg_4257                     |  32|   0|   32|          0|
    |mul_ln19_84_reg_4262                     |  32|   0|   32|          0|
    |mul_ln19_85_reg_4267                     |  32|   0|   32|          0|
    |mul_ln19_86_reg_4272                     |  32|   0|   32|          0|
    |mul_ln19_87_reg_4277                     |  32|   0|   32|          0|
    |mul_ln19_88_reg_4282                     |  32|   0|   32|          0|
    |mul_ln19_89_reg_4427                     |  32|   0|   32|          0|
    |mul_ln19_8_reg_3992                      |  32|   0|   32|          0|
    |mul_ln19_90_reg_4287                     |  32|   0|   32|          0|
    |mul_ln19_91_reg_4432                     |  32|   0|   32|          0|
    |mul_ln19_92_reg_4292                     |  32|   0|   32|          0|
    |mul_ln19_93_reg_4297                     |  32|   0|   32|          0|
    |mul_ln19_94_reg_4437                     |  32|   0|   32|          0|
    |mul_ln19_95_reg_4302                     |  32|   0|   32|          0|
    |mul_ln19_96_reg_4307                     |  32|   0|   32|          0|
    |mul_ln19_97_reg_4312                     |  32|   0|   32|          0|
    |mul_ln19_98_reg_4317                     |  32|   0|   32|          0|
    |mul_ln19_9_reg_3997                      |  32|   0|   32|          0|
    |mul_ln19_9_reg_3997_pp0_iter4_reg        |  32|   0|   32|          0|
    |mul_ln19_reg_3962                        |  32|   0|   32|          0|
    |p_ZZ3firPiiE9shift_reg_10                |  32|   0|   32|          0|
    |p_ZZ3firPiiE9shift_reg_11                |  32|   0|   32|          0|
    |p_ZZ3firPiiE9shift_reg_12                |  32|   0|   32|          0|
    |p_ZZ3firPiiE9shift_reg_13                |  32|   0|   32|          0|
    |p_ZZ3firPiiE9shift_reg_14                |  32|   0|   32|          0|
    |p_ZZ3firPiiE9shift_reg_15                |  32|   0|   32|          0|
    |p_ZZ3firPiiE9shift_reg_16                |  32|   0|   32|          0|
    |p_ZZ3firPiiE9shift_reg_17                |  32|   0|   32|          0|
    |p_ZZ3firPiiE9shift_reg_18                |  32|   0|   32|          0|
    |p_ZZ3firPiiE9shift_reg_19                |  32|   0|   32|          0|
    |p_ZZ3firPiiE9shift_reg_20                |  32|   0|   32|          0|
    |p_ZZ3firPiiE9shift_reg_21                |  32|   0|   32|          0|
    |p_ZZ3firPiiE9shift_reg_22                |  32|   0|   32|          0|
    |p_ZZ3firPiiE9shift_reg_23                |  32|   0|   32|          0|
    |p_ZZ3firPiiE9shift_reg_24                |  32|   0|   32|          0|
    |p_ZZ3firPiiE9shift_reg_25                |  32|   0|   32|          0|
    |p_ZZ3firPiiE9shift_reg_26                |  32|   0|   32|          0|
    |p_ZZ3firPiiE9shift_reg_27                |  32|   0|   32|          0|
    |p_ZZ3firPiiE9shift_reg_28                |  32|   0|   32|          0|
    |p_ZZ3firPiiE9shift_reg_29                |  32|   0|   32|          0|
    |p_ZZ3firPiiE9shift_reg_30                |  32|   0|   32|          0|
    |p_ZZ3firPiiE9shift_reg_31                |  32|   0|   32|          0|
    |p_ZZ3firPiiE9shift_reg_32                |  32|   0|   32|          0|
    |p_ZZ3firPiiE9shift_reg_33                |  32|   0|   32|          0|
    |p_ZZ3firPiiE9shift_reg_34                |  32|   0|   32|          0|
    |p_ZZ3firPiiE9shift_reg_35                |  32|   0|   32|          0|
    |p_ZZ3firPiiE9shift_reg_36                |  32|   0|   32|          0|
    |p_ZZ3firPiiE9shift_reg_37                |  32|   0|   32|          0|
    |p_ZZ3firPiiE9shift_reg_38                |  32|   0|   32|          0|
    |p_ZZ3firPiiE9shift_reg_39                |  32|   0|   32|          0|
    |p_ZZ3firPiiE9shift_reg_40                |  32|   0|   32|          0|
    |p_ZZ3firPiiE9shift_reg_41                |  32|   0|   32|          0|
    |p_ZZ3firPiiE9shift_reg_42                |  32|   0|   32|          0|
    |p_ZZ3firPiiE9shift_reg_43                |  32|   0|   32|          0|
    |p_ZZ3firPiiE9shift_reg_44                |  32|   0|   32|          0|
    |p_ZZ3firPiiE9shift_reg_45                |  32|   0|   32|          0|
    |p_ZZ3firPiiE9shift_reg_46                |  32|   0|   32|          0|
    |p_ZZ3firPiiE9shift_reg_47                |  32|   0|   32|          0|
    |p_ZZ3firPiiE9shift_reg_48                |  32|   0|   32|          0|
    |p_ZZ3firPiiE9shift_reg_49                |  32|   0|   32|          0|
    |p_ZZ3firPiiE9shift_reg_50                |  32|   0|   32|          0|
    |p_ZZ3firPiiE9shift_reg_51                |  32|   0|   32|          0|
    |p_ZZ3firPiiE9shift_reg_52                |  32|   0|   32|          0|
    |p_ZZ3firPiiE9shift_reg_53                |  32|   0|   32|          0|
    |p_ZZ3firPiiE9shift_reg_54                |  32|   0|   32|          0|
    |p_ZZ3firPiiE9shift_reg_55                |  32|   0|   32|          0|
    |p_ZZ3firPiiE9shift_reg_56                |  32|   0|   32|          0|
    |p_ZZ3firPiiE9shift_reg_57                |  32|   0|   32|          0|
    |p_ZZ3firPiiE9shift_reg_58                |  32|   0|   32|          0|
    |p_ZZ3firPiiE9shift_reg_59                |  32|   0|   32|          0|
    |p_ZZ3firPiiE9shift_reg_60                |  32|   0|   32|          0|
    |p_ZZ3firPiiE9shift_reg_61                |  32|   0|   32|          0|
    |p_ZZ3firPiiE9shift_reg_62                |  32|   0|   32|          0|
    |p_ZZ3firPiiE9shift_reg_63                |  32|   0|   32|          0|
    |p_ZZ3firPiiE9shift_reg_64                |  32|   0|   32|          0|
    |p_ZZ3firPiiE9shift_reg_65                |  32|   0|   32|          0|
    |p_ZZ3firPiiE9shift_reg_66                |  32|   0|   32|          0|
    |p_ZZ3firPiiE9shift_reg_67                |  32|   0|   32|          0|
    |p_ZZ3firPiiE9shift_reg_68                |  32|   0|   32|          0|
    |p_ZZ3firPiiE9shift_reg_68_load_reg_3412  |  32|   0|   32|          0|
    |p_ZZ3firPiiE9shift_reg_69                |  32|   0|   32|          0|
    |p_ZZ3firPiiE9shift_reg_70                |  32|   0|   32|          0|
    |p_ZZ3firPiiE9shift_reg_71                |  32|   0|   32|          0|
    |p_ZZ3firPiiE9shift_reg_72                |  32|   0|   32|          0|
    |p_ZZ3firPiiE9shift_reg_73                |  32|   0|   32|          0|
    |p_ZZ3firPiiE9shift_reg_74                |  32|   0|   32|          0|
    |p_ZZ3firPiiE9shift_reg_75                |  32|   0|   32|          0|
    |p_ZZ3firPiiE9shift_reg_76                |  32|   0|   32|          0|
    |p_ZZ3firPiiE9shift_reg_77                |  32|   0|   32|          0|
    |p_ZZ3firPiiE9shift_reg_78                |  32|   0|   32|          0|
    |p_ZZ3firPiiE9shift_reg_78_load_reg_3361  |  32|   0|   32|          0|
    |p_ZZ3firPiiE9shift_reg_79                |  32|   0|   32|          0|
    |p_ZZ3firPiiE9shift_reg_80                |  32|   0|   32|          0|
    |p_ZZ3firPiiE9shift_reg_81                |  32|   0|   32|          0|
    |p_ZZ3firPiiE9shift_reg_82                |  32|   0|   32|          0|
    |p_ZZ3firPiiE9shift_reg_83                |  32|   0|   32|          0|
    |p_ZZ3firPiiE9shift_reg_84                |  32|   0|   32|          0|
    |p_ZZ3firPiiE9shift_reg_85                |  32|   0|   32|          0|
    |p_ZZ3firPiiE9shift_reg_86                |  32|   0|   32|          0|
    |p_ZZ3firPiiE9shift_reg_87                |  32|   0|   32|          0|
    |p_ZZ3firPiiE9shift_reg_88                |  32|   0|   32|          0|
    |p_ZZ3firPiiE9shift_reg_89                |  32|   0|   32|          0|
    |p_ZZ3firPiiE9shift_reg_90                |  32|   0|   32|          0|
    |p_ZZ3firPiiE9shift_reg_91                |  32|   0|   32|          0|
    |p_ZZ3firPiiE9shift_reg_92                |  32|   0|   32|          0|
    |p_ZZ3firPiiE9shift_reg_93                |  32|   0|   32|          0|
    |p_ZZ3firPiiE9shift_reg_94                |  32|   0|   32|          0|
    |p_ZZ3firPiiE9shift_reg_95                |  32|   0|   32|          0|
    |p_ZZ3firPiiE9shift_reg_96                |  32|   0|   32|          0|
    |p_ZZ3firPiiE9shift_reg_97                |  32|   0|   32|          0|
    |gmem_addr_1_read_reg_2950                |  64|  32|   32|          0|
    |icmp_ln47_reg_2946                       |  64|  32|    1|          0|
    +-----------------------------------------+----+----+-----+-----------+
    |Total                                    |8755|  64| 8660|          0|
    +-----------------------------------------+----+----+-----+-----------+



================================================================
== Interface
================================================================
* Summary: 
+---------------------+-----+-----+------------+-----------------------------------+--------------+
|      RTL Ports      | Dir | Bits|  Protocol  |           Source Object           |    C Type    |
+---------------------+-----+-----+------------+-----------------------------------+--------------+
|ap_clk               |   in|    1|  ap_ctrl_hs|  fir_wrap_Pipeline_VITIS_LOOP_47_2|  return value|
|ap_rst               |   in|    1|  ap_ctrl_hs|  fir_wrap_Pipeline_VITIS_LOOP_47_2|  return value|
|ap_start             |   in|    1|  ap_ctrl_hs|  fir_wrap_Pipeline_VITIS_LOOP_47_2|  return value|
|ap_done              |  out|    1|  ap_ctrl_hs|  fir_wrap_Pipeline_VITIS_LOOP_47_2|  return value|
|ap_idle              |  out|    1|  ap_ctrl_hs|  fir_wrap_Pipeline_VITIS_LOOP_47_2|  return value|
|ap_ready             |  out|    1|  ap_ctrl_hs|  fir_wrap_Pipeline_VITIS_LOOP_47_2|  return value|
|m_axi_gmem_AWVALID   |  out|    1|       m_axi|                               gmem|       pointer|
|m_axi_gmem_AWREADY   |   in|    1|       m_axi|                               gmem|       pointer|
|m_axi_gmem_AWADDR    |  out|   64|       m_axi|                               gmem|       pointer|
|m_axi_gmem_AWID      |  out|    1|       m_axi|                               gmem|       pointer|
|m_axi_gmem_AWLEN     |  out|   32|       m_axi|                               gmem|       pointer|
|m_axi_gmem_AWSIZE    |  out|    3|       m_axi|                               gmem|       pointer|
|m_axi_gmem_AWBURST   |  out|    2|       m_axi|                               gmem|       pointer|
|m_axi_gmem_AWLOCK    |  out|    2|       m_axi|                               gmem|       pointer|
|m_axi_gmem_AWCACHE   |  out|    4|       m_axi|                               gmem|       pointer|
|m_axi_gmem_AWPROT    |  out|    3|       m_axi|                               gmem|       pointer|
|m_axi_gmem_AWQOS     |  out|    4|       m_axi|                               gmem|       pointer|
|m_axi_gmem_AWREGION  |  out|    4|       m_axi|                               gmem|       pointer|
|m_axi_gmem_AWUSER    |  out|    1|       m_axi|                               gmem|       pointer|
|m_axi_gmem_WVALID    |  out|    1|       m_axi|                               gmem|       pointer|
|m_axi_gmem_WREADY    |   in|    1|       m_axi|                               gmem|       pointer|
|m_axi_gmem_WDATA     |  out|   32|       m_axi|                               gmem|       pointer|
|m_axi_gmem_WSTRB     |  out|    4|       m_axi|                               gmem|       pointer|
|m_axi_gmem_WLAST     |  out|    1|       m_axi|                               gmem|       pointer|
|m_axi_gmem_WID       |  out|    1|       m_axi|                               gmem|       pointer|
|m_axi_gmem_WUSER     |  out|    1|       m_axi|                               gmem|       pointer|
|m_axi_gmem_ARVALID   |  out|    1|       m_axi|                               gmem|       pointer|
|m_axi_gmem_ARREADY   |   in|    1|       m_axi|                               gmem|       pointer|
|m_axi_gmem_ARADDR    |  out|   64|       m_axi|                               gmem|       pointer|
|m_axi_gmem_ARID      |  out|    1|       m_axi|                               gmem|       pointer|
|m_axi_gmem_ARLEN     |  out|   32|       m_axi|                               gmem|       pointer|
|m_axi_gmem_ARSIZE    |  out|    3|       m_axi|                               gmem|       pointer|
|m_axi_gmem_ARBURST   |  out|    2|       m_axi|                               gmem|       pointer|
|m_axi_gmem_ARLOCK    |  out|    2|       m_axi|                               gmem|       pointer|
|m_axi_gmem_ARCACHE   |  out|    4|       m_axi|                               gmem|       pointer|
|m_axi_gmem_ARPROT    |  out|    3|       m_axi|                               gmem|       pointer|
|m_axi_gmem_ARQOS     |  out|    4|       m_axi|                               gmem|       pointer|
|m_axi_gmem_ARREGION  |  out|    4|       m_axi|                               gmem|       pointer|
|m_axi_gmem_ARUSER    |  out|    1|       m_axi|                               gmem|       pointer|
|m_axi_gmem_RVALID    |   in|    1|       m_axi|                               gmem|       pointer|
|m_axi_gmem_RREADY    |  out|    1|       m_axi|                               gmem|       pointer|
|m_axi_gmem_RDATA     |   in|   32|       m_axi|                               gmem|       pointer|
|m_axi_gmem_RLAST     |   in|    1|       m_axi|                               gmem|       pointer|
|m_axi_gmem_RID       |   in|    1|       m_axi|                               gmem|       pointer|
|m_axi_gmem_RFIFONUM  |   in|    9|       m_axi|                               gmem|       pointer|
|m_axi_gmem_RUSER     |   in|    1|       m_axi|                               gmem|       pointer|
|m_axi_gmem_RRESP     |   in|    2|       m_axi|                               gmem|       pointer|
|m_axi_gmem_BVALID    |   in|    1|       m_axi|                               gmem|       pointer|
|m_axi_gmem_BREADY    |  out|    1|       m_axi|                               gmem|       pointer|
|m_axi_gmem_BRESP     |   in|    2|       m_axi|                               gmem|       pointer|
|m_axi_gmem_BID       |   in|    1|       m_axi|                               gmem|       pointer|
|m_axi_gmem_BUSER     |   in|    1|       m_axi|                               gmem|       pointer|
|sext_ln47_1          |   in|   62|     ap_none|                        sext_ln47_1|        scalar|
|sext_ln47            |   in|   62|     ap_none|                          sext_ln47|        scalar|
|len                  |   in|   32|     ap_none|                                len|        scalar|
|c_0                  |   in|   32|     ap_none|                                c_0|       pointer|
|c_98                 |   in|   32|     ap_none|                               c_98|       pointer|
|c_97                 |   in|   32|     ap_none|                               c_97|       pointer|
|c_96                 |   in|   32|     ap_none|                               c_96|       pointer|
|c_95                 |   in|   32|     ap_none|                               c_95|       pointer|
|c_94                 |   in|   32|     ap_none|                               c_94|       pointer|
|c_93                 |   in|   32|     ap_none|                               c_93|       pointer|
|c_92                 |   in|   32|     ap_none|                               c_92|       pointer|
|c_91                 |   in|   32|     ap_none|                               c_91|       pointer|
|c_90                 |   in|   32|     ap_none|                               c_90|       pointer|
|c_89                 |   in|   32|     ap_none|                               c_89|       pointer|
|c_88                 |   in|   32|     ap_none|                               c_88|       pointer|
|c_87                 |   in|   32|     ap_none|                               c_87|       pointer|
|c_86                 |   in|   32|     ap_none|                               c_86|       pointer|
|c_85                 |   in|   32|     ap_none|                               c_85|       pointer|
|c_84                 |   in|   32|     ap_none|                               c_84|       pointer|
|c_83                 |   in|   32|     ap_none|                               c_83|       pointer|
|c_82                 |   in|   32|     ap_none|                               c_82|       pointer|
|c_81                 |   in|   32|     ap_none|                               c_81|       pointer|
|c_80                 |   in|   32|     ap_none|                               c_80|       pointer|
|c_79                 |   in|   32|     ap_none|                               c_79|       pointer|
|c_78                 |   in|   32|     ap_none|                               c_78|       pointer|
|c_77                 |   in|   32|     ap_none|                               c_77|       pointer|
|c_76                 |   in|   32|     ap_none|                               c_76|       pointer|
|c_75                 |   in|   32|     ap_none|                               c_75|       pointer|
|c_74                 |   in|   32|     ap_none|                               c_74|       pointer|
|c_73                 |   in|   32|     ap_none|                               c_73|       pointer|
|c_72                 |   in|   32|     ap_none|                               c_72|       pointer|
|c_71                 |   in|   32|     ap_none|                               c_71|       pointer|
|c_70                 |   in|   32|     ap_none|                               c_70|       pointer|
|c_69                 |   in|   32|     ap_none|                               c_69|       pointer|
|c_68                 |   in|   32|     ap_none|                               c_68|       pointer|
|c_67                 |   in|   32|     ap_none|                               c_67|       pointer|
|c_66                 |   in|   32|     ap_none|                               c_66|       pointer|
|c_65                 |   in|   32|     ap_none|                               c_65|       pointer|
|c_64                 |   in|   32|     ap_none|                               c_64|       pointer|
|c_63                 |   in|   32|     ap_none|                               c_63|       pointer|
|c_62                 |   in|   32|     ap_none|                               c_62|       pointer|
|c_61                 |   in|   32|     ap_none|                               c_61|       pointer|
|c_60                 |   in|   32|     ap_none|                               c_60|       pointer|
|c_59                 |   in|   32|     ap_none|                               c_59|       pointer|
|c_58                 |   in|   32|     ap_none|                               c_58|       pointer|
|c_57                 |   in|   32|     ap_none|                               c_57|       pointer|
|c_56                 |   in|   32|     ap_none|                               c_56|       pointer|
|c_55                 |   in|   32|     ap_none|                               c_55|       pointer|
|c_54                 |   in|   32|     ap_none|                               c_54|       pointer|
|c_53                 |   in|   32|     ap_none|                               c_53|       pointer|
|c_52                 |   in|   32|     ap_none|                               c_52|       pointer|
|c_51                 |   in|   32|     ap_none|                               c_51|       pointer|
|c_50                 |   in|   32|     ap_none|                               c_50|       pointer|
|c_49                 |   in|   32|     ap_none|                               c_49|       pointer|
|c_48                 |   in|   32|     ap_none|                               c_48|       pointer|
|c_47                 |   in|   32|     ap_none|                               c_47|       pointer|
|c_46                 |   in|   32|     ap_none|                               c_46|       pointer|
|c_45                 |   in|   32|     ap_none|                               c_45|       pointer|
|c_44                 |   in|   32|     ap_none|                               c_44|       pointer|
|c_43                 |   in|   32|     ap_none|                               c_43|       pointer|
|c_42                 |   in|   32|     ap_none|                               c_42|       pointer|
|c_41                 |   in|   32|     ap_none|                               c_41|       pointer|
|c_40                 |   in|   32|     ap_none|                               c_40|       pointer|
|c_39                 |   in|   32|     ap_none|                               c_39|       pointer|
|c_38                 |   in|   32|     ap_none|                               c_38|       pointer|
|c_37                 |   in|   32|     ap_none|                               c_37|       pointer|
|c_36                 |   in|   32|     ap_none|                               c_36|       pointer|
|c_35                 |   in|   32|     ap_none|                               c_35|       pointer|
|c_34                 |   in|   32|     ap_none|                               c_34|       pointer|
|c_33                 |   in|   32|     ap_none|                               c_33|       pointer|
|c_32                 |   in|   32|     ap_none|                               c_32|       pointer|
|c_31                 |   in|   32|     ap_none|                               c_31|       pointer|
|c_30                 |   in|   32|     ap_none|                               c_30|       pointer|
|c_29                 |   in|   32|     ap_none|                               c_29|       pointer|
|c_28                 |   in|   32|     ap_none|                               c_28|       pointer|
|c_27                 |   in|   32|     ap_none|                               c_27|       pointer|
|c_26                 |   in|   32|     ap_none|                               c_26|       pointer|
|c_25                 |   in|   32|     ap_none|                               c_25|       pointer|
|c_24                 |   in|   32|     ap_none|                               c_24|       pointer|
|c_23                 |   in|   32|     ap_none|                               c_23|       pointer|
|c_22                 |   in|   32|     ap_none|                               c_22|       pointer|
|c_21                 |   in|   32|     ap_none|                               c_21|       pointer|
|c_20                 |   in|   32|     ap_none|                               c_20|       pointer|
|c_19                 |   in|   32|     ap_none|                               c_19|       pointer|
|c_18                 |   in|   32|     ap_none|                               c_18|       pointer|
|c_17                 |   in|   32|     ap_none|                               c_17|       pointer|
|c_16                 |   in|   32|     ap_none|                               c_16|       pointer|
|c_15                 |   in|   32|     ap_none|                               c_15|       pointer|
|c_14                 |   in|   32|     ap_none|                               c_14|       pointer|
|c_13                 |   in|   32|     ap_none|                               c_13|       pointer|
|c_12                 |   in|   32|     ap_none|                               c_12|       pointer|
|c_11                 |   in|   32|     ap_none|                               c_11|       pointer|
|c_10                 |   in|   32|     ap_none|                               c_10|       pointer|
|c_9                  |   in|   32|     ap_none|                                c_9|       pointer|
|c_8                  |   in|   32|     ap_none|                                c_8|       pointer|
|c_7                  |   in|   32|     ap_none|                                c_7|       pointer|
|c_6                  |   in|   32|     ap_none|                                c_6|       pointer|
|c_5                  |   in|   32|     ap_none|                                c_5|       pointer|
|c_4                  |   in|   32|     ap_none|                                c_4|       pointer|
|c_3                  |   in|   32|     ap_none|                                c_3|       pointer|
|c_2                  |   in|   32|     ap_none|                                c_2|       pointer|
|c_1                  |   in|   32|     ap_none|                                c_1|       pointer|
+---------------------+-----+-----+------------+-----------------------------------+--------------+

